<?php return array (
  0 => 'Sonata\\BlockBundle\\Block\\BaseBlockService',
  1 => 'Sonata\\BlockBundle\\Block\\BlockLoaderChain',
  2 => 'Sonata\\BlockBundle\\Block\\BlockLoaderInterface',
  3 => 'Sonata\\BlockBundle\\Block\\BlockRenderer',
  4 => 'Sonata\\BlockBundle\\Block\\BlockRendererInterface',
  5 => 'Sonata\\BlockBundle\\Block\\BlockServiceInterface',
  6 => 'Sonata\\BlockBundle\\Block\\BlockServiceManager',
  7 => 'Sonata\\BlockBundle\\Block\\BlockServiceManagerInterface',
  8 => 'Sonata\\BlockBundle\\Block\\Loader\\ServiceLoader',
  9 => 'Sonata\\BlockBundle\\Block\\Service\\EmptyBlockService',
  10 => 'Sonata\\BlockBundle\\Block\\Service\\RssBlockService',
  11 => 'Sonata\\BlockBundle\\Block\\Service\\TextBlockService',
  12 => 'Sonata\\BlockBundle\\Exception\\BlockExceptionInterface',
  13 => 'Sonata\\BlockBundle\\Exception\\BlockNotFoundException',
  14 => 'Sonata\\BlockBundle\\Exception\\Filter\\DebugOnlyFilter',
  15 => 'Sonata\\BlockBundle\\Exception\\Filter\\FilterInterface',
  16 => 'Sonata\\BlockBundle\\Exception\\Filter\\IgnoreClassFilter',
  17 => 'Sonata\\BlockBundle\\Exception\\Filter\\KeepAllFilter',
  18 => 'Sonata\\BlockBundle\\Exception\\Filter\\KeepNoneFilter',
  19 => 'Sonata\\BlockBundle\\Exception\\Renderer\\InlineDebugRenderer',
  20 => 'Sonata\\BlockBundle\\Exception\\Renderer\\InlineRenderer',
  21 => 'Sonata\\BlockBundle\\Exception\\Renderer\\MonkeyThrowRenderer',
  22 => 'Sonata\\BlockBundle\\Exception\\Renderer\\RendererInterface',
  23 => 'Sonata\\BlockBundle\\Exception\\Strategy\\StrategyManager',
  24 => 'Sonata\\BlockBundle\\Exception\\Strategy\\StrategyManagerInterface',
  25 => 'Sonata\\BlockBundle\\Form\\Type\\ServiceListType',
  26 => 'Sonata\\BlockBundle\\Model\\BaseBlock',
  27 => 'Sonata\\BlockBundle\\Model\\Block',
  28 => 'Sonata\\BlockBundle\\Model\\BlockInterface',
  29 => 'Sonata\\BlockBundle\\Model\\BlockManagerInterface',
  30 => 'Sonata\\BlockBundle\\Model\\EmptyBlock',
  31 => 'Sonata\\BlockBundle\\Twig\\Extension\\BlockExtension',
  32 => 'Sonata\\BlockBundle\\Twig\\GlobalVariables',
  33 => 'Doctrine\\Common\\Annotations\\DocLexer',
  34 => 'Doctrine\\Common\\Annotations\\FileCacheReader',
  35 => 'Doctrine\\Common\\Annotations\\PhpParser',
  36 => 'Doctrine\\Common\\Annotations\\Reader',
  37 => 'Doctrine\\Common\\Lexer',
  38 => 'Doctrine\\Common\\Persistence\\ConnectionRegistry',
  39 => 'Doctrine\\Common\\Persistence\\Proxy',
  40 => 'Doctrine\\Common\\Util\\ClassUtils',
  41 => 'Doctrine\\Bundle\\DoctrineBundle\\Registry',
  42 => 'Symfony\\Bundle\\AsseticBundle\\DefaultValueSupplier',
  43 => 'Symfony\\Bundle\\AsseticBundle\\Factory\\AssetFactory',
  44 => 'Symfony\\Bundle\\FrameworkBundle\\EventListener\\SessionListener',
  45 => 'Symfony\\Component\\HttpFoundation\\Session\\Storage\\NativeSessionStorage',
  46 => 'Symfony\\Component\\HttpFoundation\\Session\\Storage\\PhpBridgeSessionStorage',
  47 => 'Symfony\\Component\\HttpFoundation\\Session\\Storage\\Handler\\NativeFileSessionHandler',
  48 => 'Symfony\\Component\\HttpFoundation\\Session\\Storage\\Proxy\\AbstractProxy',
  49 => 'Symfony\\Component\\HttpFoundation\\Session\\Storage\\Proxy\\SessionHandlerProxy',
  50 => 'Symfony\\Component\\HttpFoundation\\Session\\Session',
  52 => 'Symfony\\Bundle\\FrameworkBundle\\Templating\\GlobalVariables',
  53 => 'Symfony\\Bundle\\FrameworkBundle\\Templating\\TemplateReference',
  54 => 'Symfony\\Bundle\\FrameworkBundle\\Templating\\TemplateNameParser',
  55 => 'Symfony\\Bundle\\FrameworkBundle\\Templating\\Loader\\TemplateLocator',
  56 => 'Symfony\\Component\\Routing\\Generator\\UrlGenerator',
  57 => 'Symfony\\Component\\Routing\\RequestContext',
  58 => 'Symfony\\Component\\Routing\\Router',
  59 => 'Symfony\\Bundle\\FrameworkBundle\\Routing\\RedirectableUrlMatcher',
  60 => 'Symfony\\Bundle\\FrameworkBundle\\Routing\\Router',
  61 => 'Symfony\\Component\\Config\\FileLocator',
  62 => 'Symfony\\Component\\EventDispatcher\\Event',
  63 => 'Symfony\\Component\\EventDispatcher\\ContainerAwareEventDispatcher',
  64 => 'Symfony\\Component\\HttpKernel\\EventListener\\ResponseListener',
  65 => 'Symfony\\Component\\HttpKernel\\EventListener\\RouterListener',
  66 => 'Symfony\\Component\\HttpKernel\\Controller\\ControllerResolver',
  67 => 'Symfony\\Component\\HttpKernel\\Event\\KernelEvent',
  68 => 'Symfony\\Component\\HttpKernel\\Event\\FilterControllerEvent',
  69 => 'Symfony\\Component\\HttpKernel\\Event\\FilterResponseEvent',
  70 => 'Symfony\\Component\\HttpKernel\\Event\\GetResponseEvent',
  71 => 'Symfony\\Component\\HttpKernel\\Event\\GetResponseForControllerResultEvent',
  72 => 'Symfony\\Component\\HttpKernel\\Event\\GetResponseForExceptionEvent',
  73 => 'Symfony\\Component\\HttpKernel\\KernelEvents',
  74 => 'Symfony\\Component\\HttpKernel\\Config\\FileLocator',
  75 => 'Symfony\\Bundle\\FrameworkBundle\\Controller\\ControllerNameParser',
  76 => 'Symfony\\Bundle\\FrameworkBundle\\Controller\\ControllerResolver',
  77 => 'Monolog\\Formatter\\FormatterInterface',
  78 => 'Monolog\\Formatter\\LineFormatter',
  79 => 'Monolog\\Handler\\HandlerInterface',
  80 => 'Monolog\\Handler\\AbstractHandler',
  81 => 'Monolog\\Handler\\AbstractProcessingHandler',
  82 => 'Monolog\\Handler\\StreamHandler',
  83 => 'Monolog\\Handler\\FingersCrossedHandler',
  84 => 'Monolog\\Handler\\TestHandler',
  85 => 'Monolog\\Logger',
  86 => 'Symfony\\Bridge\\Monolog\\Logger',
  87 => 'Symfony\\Bridge\\Monolog\\Handler\\DebugHandler',
  88 => 'Monolog\\Handler\\FingersCrossed\\ActivationStrategyInterface',
  89 => 'Monolog\\Handler\\FingersCrossed\\ErrorLevelActivationStrategy',
  90 => 'Symfony\\Component\\Security\\Http\\AccessMap',
  91 => 'Symfony\\Component\\Security\\Http\\Firewall',
  92 => 'Symfony\\Component\\Security\\Core\\SecurityContext',
  93 => 'Symfony\\Component\\Security\\Core\\User\\UserProviderInterface',
  94 => 'Symfony\\Component\\Security\\Core\\Authentication\\AuthenticationProviderManager',
  95 => 'Symfony\\Component\\Security\\Core\\Authorization\\AccessDecisionManager',
  96 => 'Symfony\\Component\\Security\\Core\\Authorization\\Voter\\VoterInterface',
  97 => 'Symfony\\Bundle\\SecurityBundle\\Security\\FirewallMap',
  98 => 'Symfony\\Bundle\\SecurityBundle\\Security\\FirewallContext',
  99 => 'Symfony\\Component\\HttpFoundation\\RequestMatcher',
  100 => 'Twig_Environment',
  101 => 'Twig_Extension',
  102 => 'Twig_Extension_Core',
  103 => 'Twig_Extension_Escaper',
  104 => 'Twig_Extension_Optimizer',
  105 => 'Twig_LoaderInterface',
  106 => 'Twig_Markup',
  107 => 'Twig_Template',
);